MO ControlUnit NULL ControlUnit.v vlg71/_control_unit.bin 1539762212
MO G9Processor NULL G9Processor.v vlg60/_g9_processor.bin 1539762212
MO RegisterFile NULL RegisterFile.v vlg69/_register_file.bin 1539762212
MO InstructionMemory NULL ipcore_dir/InstructionMemory.v vlg63/_instruction_memory.bin 1539762212
MO DataMemory NULL DataMemory.v vlg2B/_data_memory.bin 1539762212
MO SignExtend NULL SignExtend.v vlg4D/_sign_extend.bin 1539762212
MO ArithmeticLogicUnit NULL ArithmeticLogicUnit.v vlg60/_arithmetic_logic_unit.bin 1539762212
MO ProgramCounter NULL ProgramCounter.v vlg78/_program_counter.bin 1539762212
