MO ControlUnit NULL ControlUnit.v vlg71/_control_unit.bin 1541043224
MO G9Processor NULL G9Processor.v vlg60/_g9_processor.bin 1541043224
MO RegisterFile NULL RegisterFile.v vlg69/_register_file.bin 1541043224
MO InstructionMemory NULL ipcore_dir/InstructionMemory.v vlg63/_instruction_memory.bin 1540981040
MO DataMemory NULL DataMemory.v vlg2B/_data_memory.bin 1541043224
MO InstructionMemoryi NULL InstructionMemoryi.v vlg58/_instruction_memoryi.bin 1541043224
MO SignExtend NULL SignExtend.v vlg4D/_sign_extend.bin 1541043224
MO ArithmeticLogicUnit NULL ArithmeticLogicUnit.v vlg60/_arithmetic_logic_unit.bin 1541043224
MO ProgramCounter NULL ProgramCounter.v vlg78/_program_counter.bin 1541043224
